// Jest Snapshot v1, https://goo.gl/fbAQLP

exports[`<NavBar /> should render and match the snapshot 1`] = `
<ForwardRef
  bg="lightgrey"
>
  <ForwardRef
    bg="black"
    to="/"
  >
    Home
  </ForwardRef>
  <ForwardRef
    bg="black"
    to="/new"
  >
    New Hobby
  </ForwardRef>
</ForwardRef>
`;
