// Jest Snapshot v1, https://goo.gl/fbAQLP

exports[`<HomePage /> should render and match the snapshot 1`] = `
<li
  class="Wrapper-euo0oy-0 jLvxtc"
>
  <div
    class="Item-sc-3y9mie-0 fKXSkT"
  >
    Hobby List is empty, enter your hobby
  </div>
</li>
`;
